../App/Interfaces/ISensor.h:15:13:ISensor::~ISensor()	16	static
../App/Interfaces/ISensor.h:15:13:virtual ISensor::~ISensor()	16	static
../App/Interfaces/ISensor.h:7:7:constexpr ISensor::ISensor()	16	static
../App/Interfaces/IIMUSensor.h:15:7:constexpr IIMUSensor::IIMUSensor()	16	static
../App/Interfaces/IIMUSensor.h:19:13:IIMUSensor::~IIMUSensor()	16	static
../App/Interfaces/IIMUSensor.h:19:13:virtual IIMUSensor::~IIMUSensor()	16	static
../App/Sensors/KX126/KX126.cpp:4:1:KX126::KX126(SPI_HandleTypeDef*)	16	static
../App/Sensors/KX126/KX126.cpp:12:6:virtual bool KX126::init()	64	static
../App/Sensors/KX126/KX126.cpp:63:6:virtual bool KX126::readAcceleration(AccelData&)	32	static
../App/Sensors/KX126/KX126.cpp:116:6:bool KX126::writeRegister(uint8_t, uint8_t)	24	static
../App/Sensors/KX126/KX126.cpp:154:6:bool KX126::readRegister(uint8_t, uint8_t*, uint16_t)	80	static
../App/Sensors/KX126/KX126.h:27:7:KX126::~KX126()	16	static
../App/Sensors/KX126/KX126.h:27:7:virtual KX126::~KX126()	16	static
