../App/Interfaces/IPPGSensor.h:42:13:IPPGSensor::~IPPGSensor()	16	static
../App/Interfaces/IPPGSensor.h:42:13:virtual IPPGSensor::~IPPGSensor()	16	static
../App/Interfaces/IPPGSensor.h:16:7:constexpr IPPGSensor::IPPGSensor()	16	static
../App/Sensors/MAX30102/MAX30102.cpp:16:1:MAX30102::MAX30102(I2C_HandleTypeDef*)	16	static
../App/Sensors/MAX30102/MAX30102.cpp:26:6:virtual bool MAX30102::init()	16	static
../App/Sensors/MAX30102/MAX30102.cpp:105:6:virtual bool MAX30102::startReadDMA()	32	static
../App/Sensors/MAX30102/MAX30102.cpp:143:6:virtual bool MAX30102::getSample(PPGData&)	16	static
../App/Sensors/MAX30102/MAX30102.cpp:169:6:virtual bool MAX30102::fingerPresent(const PPGData&) const	16	static
../App/Sensors/MAX30102/MAX30102.cpp:178:6:void MAX30102::rxCompleteCallback(I2C_HandleTypeDef*)	16	static
../App/Sensors/MAX30102/MAX30102.cpp:197:6:virtual bool MAX30102::waitForData(uint32_t)	16	static
../App/Sensors/MAX30102/MAX30102.cpp:206:6:bool MAX30102::writeRegister(uint8_t, uint8_t)	32	static
../App/Sensors/MAX30102/MAX30102.h:29:7:MAX30102::~MAX30102()	16	static
../App/Sensors/MAX30102/MAX30102.h:29:7:virtual MAX30102::~MAX30102()	16	static
