../Drivers/STM32WBxx_HAL_Driver/Inc/stm32wbxx_ll_rcc.h:1679:22:LL_RCC_LSE_SetDriveCapability	16	static
../Drivers/STM32WBxx_HAL_Driver/Inc/stm32wbxx_ll_bus.h:364:22:LL_AHB1_GRP1_EnableClock	24	static
../Drivers/STM32WBxx_HAL_Driver/Inc/stm32wbxx_ll_bus.h:539:22:LL_AHB2_GRP1_EnableClock	24	static
../Core/Src/main.c:184:13:BusyDelay	24	static
../Core/Src/main.c:204:5:main	8	static
../Core/Src/main.c:411:6:SystemClock_Config	112	static
../Core/Src/main.c:477:6:PeriphCommonClock_Config	88	static
../Core/Src/main.c:502:13:MX_I2C1_Init	8	static
../Core/Src/main.c:550:13:MX_I2C3_Init	8	static
../Core/Src/main.c:598:13:MX_IPCC_Init	8	static
../Core/Src/main.c:624:13:MX_RF_Init	4	static
../Core/Src/main.c:645:13:MX_RTC_Init	8	static
../Core/Src/main.c:688:13:MX_SPI1_Init	8	static
../Core/Src/main.c:726:13:MX_DMA_Init	8	static
../Core/Src/main.c:748:13:MX_GPIO_Init	32	static
../Core/Src/main.c:786:6:HAL_I2C_MemRxCpltCallback	16	static
../Core/Src/main.c:822:6:HAL_TIM_PeriodElapsedCallback	16	static
../Core/Src/main.c:840:6:Error_Handler	4	static,ignoring_inline_asm
