../Drivers/STM32WBxx_HAL_Driver/Inc/stm32wbxx_ll_rcc.h:1679:22:LL_RCC_LSE_SetDriveCapability	16	static
../Drivers/STM32WBxx_HAL_Driver/Inc/stm32wbxx_ll_bus.h:364:22:LL_AHB1_GRP1_EnableClock	24	static
../Drivers/STM32WBxx_HAL_Driver/Inc/stm32wbxx_ll_bus.h:539:22:LL_AHB2_GRP1_EnableClock	24	static
../Core/Src/main.c:188:13:BusyDelay	24	static
../Core/Src/main.c:208:5:main	8	static
../Core/Src/main.c:418:6:SystemClock_Config	112	static
../Core/Src/main.c:484:6:PeriphCommonClock_Config	88	static
../Core/Src/main.c:509:13:MX_I2C1_Init	8	static
../Core/Src/main.c:557:13:MX_I2C3_Init	8	static
../Core/Src/main.c:605:13:MX_IPCC_Init	8	static
../Core/Src/main.c:631:13:MX_RF_Init	4	static
../Core/Src/main.c:652:13:MX_RTC_Init	8	static
../Core/Src/main.c:695:13:MX_SPI1_Init	8	static
../Core/Src/main.c:733:13:MX_DMA_Init	8	static
../Core/Src/main.c:755:13:MX_GPIO_Init	32	static
../Core/Src/main.c:796:6:HAL_I2C_MemRxCpltCallback	16	static
../Core/Src/main.c:839:6:HAL_TIM_PeriodElapsedCallback	16	static
../Core/Src/main.c:857:6:Error_Handler	4	static,ignoring_inline_asm
