../Drivers/STM32WBxx_HAL_Driver/Inc/stm32wbxx_ll_rcc.h:1679:22:LL_RCC_LSE_SetDriveCapability	1
../Drivers/STM32WBxx_HAL_Driver/Inc/stm32wbxx_ll_bus.h:364:22:LL_AHB1_GRP1_EnableClock	1
../Drivers/STM32WBxx_HAL_Driver/Inc/stm32wbxx_ll_bus.h:539:22:LL_AHB2_GRP1_EnableClock	1
../Core/Src/main.c:188:13:BusyDelay	2
../Core/Src/main.c:208:5:main	1
../Core/Src/main.c:414:6:SystemClock_Config	3
../Core/Src/main.c:480:6:PeriphCommonClock_Config	2
../Core/Src/main.c:505:13:MX_I2C1_Init	4
../Core/Src/main.c:553:13:MX_I2C3_Init	4
../Core/Src/main.c:601:13:MX_IPCC_Init	2
../Core/Src/main.c:627:13:MX_RF_Init	1
../Core/Src/main.c:648:13:MX_RTC_Init	3
../Core/Src/main.c:691:13:MX_SPI1_Init	2
../Core/Src/main.c:729:13:MX_DMA_Init	1
../Core/Src/main.c:751:13:MX_GPIO_Init	1
../Core/Src/main.c:792:6:HAL_I2C_MemRxCpltCallback	1
../Core/Src/main.c:835:6:HAL_TIM_PeriodElapsedCallback	2
../Core/Src/main.c:853:6:Error_Handler	1
