../Drivers/STM32WBxx_HAL_Driver/Inc/stm32wbxx_ll_rcc.h:1679:22:LL_RCC_LSE_SetDriveCapability	1
../Drivers/STM32WBxx_HAL_Driver/Inc/stm32wbxx_ll_bus.h:364:22:LL_AHB1_GRP1_EnableClock	1
../Drivers/STM32WBxx_HAL_Driver/Inc/stm32wbxx_ll_bus.h:539:22:LL_AHB2_GRP1_EnableClock	1
../Core/Src/main.c:186:13:BusyDelay	2
../Core/Src/main.c:206:5:main	1
../Core/Src/main.c:413:6:SystemClock_Config	3
../Core/Src/main.c:479:6:PeriphCommonClock_Config	2
../Core/Src/main.c:504:13:MX_I2C1_Init	4
../Core/Src/main.c:552:13:MX_I2C3_Init	4
../Core/Src/main.c:600:13:MX_IPCC_Init	2
../Core/Src/main.c:626:13:MX_RF_Init	1
../Core/Src/main.c:647:13:MX_RTC_Init	3
../Core/Src/main.c:690:13:MX_SPI1_Init	2
../Core/Src/main.c:728:13:MX_DMA_Init	1
../Core/Src/main.c:750:13:MX_GPIO_Init	1
../Core/Src/main.c:791:6:HAL_I2C_MemRxCpltCallback	1
../Core/Src/main.c:834:6:HAL_TIM_PeriodElapsedCallback	2
../Core/Src/main.c:852:6:Error_Handler	1
