../App/Interfaces/IPPGSensor.h:42:13:IPPGSensor::~IPPGSensor()	16	static
../App/Interfaces/IPPGSensor.h:42:13:virtual IPPGSensor::~IPPGSensor()	16	static
../App/Interfaces/ISensor.h:15:13:ISensor::~ISensor()	16	static
../App/Interfaces/ISensor.h:15:13:virtual ISensor::~ISensor()	16	static
../App/Sensors/sensor_objects.cpp:30:6:void Sensors_Init()	8	static
../App/Sensors/sensor_objects.cpp:33:1:void __static_initialization_and_destruction_0()	8	static
../App/Interfaces/IBatteryMonitor.h:11:13:IBatteryMonitor::~IBatteryMonitor()	16	static
../App/Interfaces/IBatteryMonitor.h:11:13:virtual IBatteryMonitor::~IBatteryMonitor()	16	static
../App/Sensors/MAX17048/MAX17048.h:10:7:MAX17048::~MAX17048()	16	static
../App/Sensors/MAX17048/MAX17048.h:10:7:virtual MAX17048::~MAX17048()	16	static
../App/Interfaces/IIMUSensor.h:19:13:IIMUSensor::~IIMUSensor()	16	static
../App/Interfaces/IIMUSensor.h:19:13:virtual IIMUSensor::~IIMUSensor()	16	static
../App/Sensors/KX126/KX126.h:27:7:KX126::~KX126()	16	static
../App/Sensors/KX126/KX126.h:27:7:virtual KX126::~KX126()	16	static
../App/Sensors/MAX30102/MAX30102.h:29:7:MAX30102::~MAX30102()	16	static
../App/Sensors/MAX30102/MAX30102.h:29:7:virtual MAX30102::~MAX30102()	16	static
../App/Sensors/sensor_objects.cpp:33:1:void __static_initialization_and_destruction_1()	8	static
../App/Sensors/sensor_objects.cpp:33:1:cpp)	8	static
../App/Sensors/sensor_objects.cpp:33:1:cpp)	8	static
